
[Test_Help - 1]
Create a new constituent with addresses, electronicAddresses, salutations and phones.

Usage:
  tq create Constituents [flags]

Resource:
  /CRM/Constituents/Detail

Query:
[38;5;73m[0m  [38;5;73m{[0m[38;5;140m"Addresses"[0m[38;5;73m:[{[0m[38;5;140m"Id"[0m[38;5;73m:[0m[38;5;73m123[0m[38;5;73m},[0m[38;5;251m [0m[38;5;167m...[0m[38;5;73m],[0m[38;5;251m [0m[38;5;140m"ConstituentType"[0m[38;5;73m:{[0m[38;5;140m"Id"[0m[38;5;73m:[0m[38;5;73m123[0m[38;5;73m},[0m[38;5;251m [0m[38;5;140m"CreateLocation"[0m[38;5;73m:[0m[38;5;113m"string"[0m[38;5;73m,[0m[38;5;251m [0m[38;5;140m"CreatedBy"[0m[38;5;73m:[0m[38;5;113m"string"[0m[38;5;73m,[0m[38;5;251m [0m[38;5;140m"CreatedDateTime"[0m[38;5;73m:[0m[38;5;113m"2000-01-01T00:00:00.000Z"[0m[38;5;73m,[0m[38;5;251m [0m[38;5;140m"DisplayName"[0m[38;5;73m:[0m[38;5;113m"string"[0m[38;5;73m,[0m[38;5;251m [0m[38;5;140m"ElectronicAddresses"[0m[38;5;73m:[{[0m[38;5;140m"Id"[0m[38;5;73m:[0m[38;5;73m123[0m[38;5;73m},[0m[38;5;251m [0m[38;5;167m...[0m[38;5;73m],[0m[38;5;251m [0m[38;5;140m"EmarketIndicator"[0m[38;5;73m:{[0m[38;5;140m"Id"[0m[38;5;73m:[0m[38;5;73m123[0m[38;5;73m},[0m[38;5;251m [0m[38;5;140m"FirstName"[0m[38;5;73m:[0m[38;5;113m"string"[0m[38;5;73m,[0m[38;5;251m [0m[38;5;140m"Gender"[0m[38;5;73m:{[0m[38;5;140m"Id"[0m[38;5;73m:[0m[38;5;73m123[0m[38;5;73m},[0m[38;5;251m [0m[38;5;140m"Id"[0m[38;5;73m:[0m[38;5;73m123[0m[38;5;73m,[0m[38;5;251m [0m[38;5;140m"Inactive"[0m[38;5;73m:{[0m[38;5;140m"Id"[0m[38;5;73m:[0m[38;5;73m123[0m[38;5;73m},[0m[38;5;251m [0m[38;5;140m"InactiveReason"[0m[38;5;73m:{[0m[38;5;140m"Id"[0m[38;5;73m:[0m[38;5;73m123[0m[38;5;73m},[0m[38;5;251m [0m[38;5;140m"LastActivityDate"[0m[38;5;73m:[0m[38;5;113m"2000-01-01T00:00:00.000Z"[0m[38;5;73m,[0m[38;5;251m [0m[38;5;140m"LastGiftDate"[0m[38;5;73m:[0m[38;5;113m"2000-01-01T00:00:00.000Z"[0m[38;5;73m,[0m[38;5;251m [0m[38;5;140m"LastName"[0m[38;5;73m:[0m[38;5;113m"string"[0m[38;5;73m,[0m[38;5;251m [0m[38;5;140m"LastTicketDate"[0m[38;5;73m:[0m[38;5;113m"2000-01-01T00:00:00.000Z"[0m[38;5;73m,[0m[38;5;251m [0m[38;5;140m"MailIndicator"[0m[38;5;73m:{[0m[38;5;140m"Id"[0m[38;5;73m:[0m[38;5;73m123[0m[38;5;73m},[0m[38;5;251m [0m[38;5;140m"MiddleName"[0m[38;5;73m:[0m[38;5;113m"string"[0m[38;5;73m,[0m[38;5;251m [0m[38;5;140m"NameStatus"[0m[38;5;73m:{[0m[38;5;140m"Id"[0m[38;5;73m:[0m[38;5;73m123[0m[38;5;73m},[0m[38;5;251m [0m[38;5;140m"OriginalSource"[0m[38;5;73m:{[0m[38;5;140m"Id"[0m[38;5;73m:[0m[38;5;73m123[0m[38;5;73m},[0m[38;5;251m [0m[38;5;140m"PhoneIndicator"[0m[38;5;73m:{[0m[38;5;140m"Id"[0m[38;5;73m:[0m[38;5;73m123[0m[38;5;73m},[0m[38;5;251m [0m[38;5;140m"PhoneNumbers"[0m[38;5;73m:[{[0m[38;5;140m"Id"[0m[38;5;73m:[0m[38;5;73m123[0m[38;5;73m},[0m[38;5;251m [0m[38;5;167m...[0m[38;5;73m],[0m[38;5;251m [0m[38;5;140m"Prefix"[0m[38;5;73m:{[0m[38;5;140m"Id"[0m[38;5;73m:[0m[38;5;73m123[0m[38;5;73m},[0m[38;5;251m [0m[38;5;140m"ProtectionType"[0m[38;5;73m:{[0m[38;5;140m"Id"[0m[38;5;73m:[0m[38;5;73m123[0m[38;5;73m},[0m[38;5;251m [0m[38;5;140m"Salutations"[0m[38;5;73m:[{[0m[38;5;140m"Id"[0m[38;5;73m:[0m[38;5;73m123[0m[38;5;73m},[0m[38;5;251m [0m[38;5;167m...[0m[38;5;73m],[0m[38;5;251m [0m[38;5;140m"SortName"[0m[38;5;73m:[0m[38;5;113m"string"[0m[38;5;73m,[0m[38;5;251m [0m[38;5;140m"Suffix"[0m[38;5;73m:{[0m[38;5;140m"Id"[0m[38;5;73m:[0m[38;5;73m123[0m[38;5;73m},[0m[38;5;251m [0m[38;5;140m"UpdatedBy"[0m[38;5;73m:[0m[38;5;113m"string"[0m[38;5;73m,[0m[38;5;251m [0m[38;5;140m"UpdatedDateTime"[0m[38;5;73m:[0m[38;5;113m"2000-01-01T00:00:00.000Z"[0m[38;5;73m}[0m


Flags:
      --constituentusingsnapshot         Create a constituent optionally with primary address, primary salutation, primary electronic address, primary &amp; general phones and affiliates information.
                                         Resource:
                                           /CRM/Constituents/Snapshot
                                         Query:
                                           [38;5;73m{[0m[38;5;140m"Address"[0m[38;5;73m:{[0m[38;5;140m"Id"[0m[38;5;73m:[0m[38;5;73m123[0m[38;5;73m},[0m[38;5;251m [0m[38;5;140m"Affiliates"[0m[38;5;73m:[{[0m[38;5;140m"Id"[0m[38;5;73m:[0m[38;5;73m123[0m[38;5;73m},[0m[38;5;251m [0m[38;5;167m...[0m[38;5;73m],[0m[38;5;251m [0m[38;5;140m"ConstituentType"[0m[38;5;73m:{[0m[38;5;140m"Id"[0m[38;5;73m:[0m[38;5;73m123[0m[38;5;73m},[0m[38;5;251m [0m[38;5;140m"CreateLocation"[0m[38;5;73m:[0m[38;5;113m"string"[0m[38;5;73m,[0m[38;5;251m [0m[38;5;140m"CreatedBy"[0m[38;5;73m:[0m[38;5;113m"string"[0m[38;5;73m,[0m[38;5;251m [0m[38;5;140m"CreatedDateTime"[0m[38;5;73m:[0m[38;5;113m"2000-01-01T00:00:00.000Z"[0m[38;5;73m,[0m[38;5;251m [0m[38;5;140m"DisplayName"[0m[38;5;73m:[0m[38;5;113m"string"[0m[38;5;73m,[0m[38;5;251m [0m[38;5;140m"EditIndicator"[0m[38;5;73m:[0m[38;5;167m[48;5;238mtrue[0m[38;5;73m,[0m[38;5;251m [0m[38;5;140m"ElectronicAddress"[0m[38;5;73m:{[0m[38;5;140m"Id"[0m[38;5;73m:[0m[38;5;73m123[0m[38;5;73m},[0m[38;5;251m [0m[38;5;140m"EmarketIndicator"[0m[38;5;73m:{[0m[38;5;140m"Id"[0m[38;5;73m:[0m[38;5;73m123[0m[38;5;73m},[0m[38;5;251m [0m[38;5;140m"FirstName"[0m[38;5;73m:[0m[38;5;113m"string"[0m[38;5;73m,[0m[38;5;251m [0m[38;5;140m"Gender"[0m[38;5;73m:{[0m[38;5;140m"Id"[0m[38;5;73m:[0m[38;5;73m123[0m[38;5;73m},[0m[38;5;251m [0m[38;5;140m"Id"[0m[38;5;73m:[0m[38;5;73m123[0m[38;5;73m,[0m[38;5;251m [0m[38;5;140m"Inactive"[0m[38;5;73m:{[0m[38;5;140m"Id"[0m[38;5;73m:[0m[38;5;73m123[0m[38;5;73m},[0m[38;5;251m [0m[38;5;140m"InactiveReason"[0m[38;5;73m:{[0m[38;5;140m"Id"[0m[38;5;73m:[0m[38;5;73m123[0m[38;5;73m},[0m[38;5;251m [0m[38;5;140m"LastActivityDate"[0m[38;5;73m:[0m[38;5;113m"2000-01-01T00:00:00.000Z"[0m[38;5;73m,[0m[38;5;251m [0m[38;5;140m"LastName"[0m[38;5;73m:[0m[38;5;113m"string"[0m[38;5;73m,[0m[38;5;251m [0m[38;5;140m"MailIndicator"[0m[38;5;73m:{[0m[38;5;140m"Id"[0m[38;5;73m:[0m[38;5;73m123[0m[38;5;73m},[0m[38;5;251m [0m[38;5;140m"MiddleName"[0m[38;5;73m:[0m[38;5;113m"string"[0m[38;5;73m,[0m[38;5;251m [0m[38;5;140m"NameStatus"[0m[38;5;73m:{[0m[38;5;140m"Id"[0m[38;5;73m:[0m[38;5;73m123[0m[38;5;73m},[0m[38;5;251m [0m[38;5;140m"OriginalSource"[0m[38;5;73m:{[0m[38;5;140m"Id"[0m[38;5;73m:[0m[38;5;73m123[0m[38;5;73m},[0m[38;5;251m [0m[38;5;140m"PhoneIndicator"[0m[38;5;73m:{[0m[38;5;140m"Id"[0m[38;5;73m:[0m[38;5;73m123[0m[38;5;73m},[0m[38;5;251m [0m[38;5;140m"Prefix"[0m[38;5;73m:{[0m[38;5;140m"Id"[0m[38;5;73m:[0m[38;5;73m123[0m[38;5;73m},[0m[38;5;251m [0m[38;5;140m"PrimaryPhoneNumbers"[0m[38;5;73m:[{[0m[38;5;140m"Id"[0m[38;5;73m:[0m[38;5;73m123[0m[38;5;73m},[0m[38;5;251m [0m[38;5;167m...[0m[38;5;73m],[0m[38;5;251m [0m[38;5;140m"ProtectionType"[0m[38;5;73m:{[0m[38;5;140m"Id"[0m[38;5;73m:[0m[38;5;73m123[0m[38;5;73m},[0m[38;5;251m [0m[38;5;140m"Salutation"[0m[38;5;73m:{[0m[38;5;140m"Id"[0m[38;5;73m:[0m[38;5;73m123[0m[38;5;73m},[0m[38;5;251m [0m[38;5;140m"ShortDisplayName"[0m[38;5;73m:[0m[38;5;113m"string"[0m[38;5;73m,[0m[38;5;251m [0m[38;5;140m"SortName"[0m[38;5;73m:[0m[38;5;113m"string"[0m[38;5;73m,[0m[38;5;251m [0m[38;5;140m"Suffix"[0m[38;5;73m:{[0m[38;5;140m"Id"[0m[38;5;73m:[0m[38;5;73m123[0m[38;5;73m},[0m[38;5;251m [0m[38;5;140m"UpdatedBy"[0m[38;5;73m:[0m[38;5;113m"string"[0m[38;5;73m,[0m[38;5;251m [0m[38;5;140m"UpdatedDateTime"[0m[38;5;73m:[0m[38;5;113m"2000-01-01T00:00:00.000Z"[0m[38;5;73m}[0m
      --convertgrouptoindividual         Convert existing household to an individual.
                                         Resource:
                                           /CRM/Constituents/ConvertToIndividual
                                         Query:
                                           [38;5;73m{[0m[38;5;140m"ConstituentID"[0m[38;5;73m:[0m[38;5;113m"string"[0m[38;5;73m,[0m[38;5;251m [0m[38;5;140m"AffiliationIdsToBeDeleted"[0m[38;5;73m:[[0m[38;5;73m0[0m[38;5;73m,[0m[38;5;251m [0m[38;5;167m...[0m[38;5;73m],[0m[38;5;251m [0m[38;5;140m"AffiliationsToAssociationsInfo"[0m[38;5;73m:[{[0m[38;5;140m"AffiliationId"[0m[38;5;73m:[0m[38;5;73m123[0m[38;5;73m,[0m[38;5;251m [0m[38;5;140m"AssociationTypeId"[0m[38;5;73m:[0m[38;5;73m123[0m[38;5;73m},[0m[38;5;251m [0m[38;5;167m...[0m[38;5;73m],[0m[38;5;251m [0m[38;5;140m"AssociationIdsToBeDeleted"[0m[38;5;73m:[[0m[38;5;73m0[0m[38;5;73m,[0m[38;5;251m [0m[38;5;167m...[0m[38;5;73m],[0m[38;5;251m [0m[38;5;140m"AssociationsToAffiliationsInfo"[0m[38;5;73m:[{[0m[38;5;140m"AffiliationTypeId"[0m[38;5;73m:[0m[38;5;73m123[0m[38;5;73m,[0m[38;5;251m [0m[38;5;140m"AssociationId"[0m[38;5;73m:[0m[38;5;73m123[0m[38;5;73m},[0m[38;5;251m [0m[38;5;167m...[0m[38;5;73m],[0m[38;5;251m [0m[38;5;140m"IndividualConstituent"[0m[38;5;73m:{[0m[38;5;140m"FirstName"[0m[38;5;73m:[0m[38;5;113m"string"[0m[38;5;73m,[0m[38;5;251m [0m[38;5;140m"GenderId"[0m[38;5;73m:[0m[38;5;73m123[0m[38;5;73m,[0m[38;5;251m [0m[38;5;140m"LastName"[0m[38;5;73m:[0m[38;5;113m"string"[0m[38;5;73m,[0m[38;5;251m [0m[38;5;140m"MiddleName"[0m[38;5;73m:[0m[38;5;113m"string"[0m[38;5;73m,[0m[38;5;251m [0m[38;5;140m"PrefixId"[0m[38;5;73m:[0m[38;5;73m123[0m[38;5;73m,[0m[38;5;251m [0m[38;5;140m"SuffixId"[0m[38;5;73m:[0m[38;5;73m123[0m[38;5;73m},[0m[38;5;251m [0m[38;5;140m"Merge"[0m[38;5;73m:{[0m[38;5;140m"ConstituentIdToDelete"[0m[38;5;73m:[0m[38;5;73m123[0m[38;5;73m,[0m[38;5;251m [0m[38;5;140m"ConstituentIdToKeep"[0m[38;5;73m:[0m[38;5;73m123[0m[38;5;73m}}[0m
      --convertindividualtohousehold     Convert existing individual constituent to a household.
                                         Resource:
                                           /CRM/Constituents/ConvertToHousehold
                                         Query:
                                           [38;5;73m{[0m[38;5;140m"ConstituentID"[0m[38;5;73m:[0m[38;5;113m"string"[0m[38;5;73m,[0m[38;5;251m [0m[38;5;140m"AffiliationTypeId"[0m[38;5;73m:[0m[38;5;73m123[0m[38;5;73m,[0m[38;5;251m [0m[38;5;140m"ConstituentTypeId"[0m[38;5;73m:[0m[38;5;73m123[0m[38;5;73m}[0m
      --convertindividualtoorganization  Convert existing individual constituent to an organization.
                                         Resource:
                                           /CRM/Constituents/ConvertToOrganization
                                         Query:
                                           [38;5;73m{[0m[38;5;140m"ConstituentID"[0m[38;5;73m:[0m[38;5;113m"string"[0m[38;5;73m,[0m[38;5;251m [0m[38;5;140m"AffiliationIdsToBeDeleted"[0m[38;5;73m:[[0m[38;5;73m0[0m[38;5;73m,[0m[38;5;251m [0m[38;5;167m...[0m[38;5;73m],[0m[38;5;251m [0m[38;5;140m"AffiliationsToAssociationsInfo"[0m[38;5;73m:[{[0m[38;5;140m"AffiliationId"[0m[38;5;73m:[0m[38;5;73m123[0m[38;5;73m,[0m[38;5;251m [0m[38;5;140m"AssociationTypeId"[0m[38;5;73m:[0m[38;5;73m123[0m[38;5;73m},[0m[38;5;251m [0m[38;5;167m...[0m[38;5;73m],[0m[38;5;251m [0m[38;5;140m"AssociationIdsToBeDeleted"[0m[38;5;73m:[[0m[38;5;73m0[0m[38;5;73m,[0m[38;5;251m [0m[38;5;167m...[0m[38;5;73m],[0m[38;5;251m [0m[38;5;140m"AssociationsToAffiliationsInfo"[0m[38;5;73m:[{[0m[38;5;140m"AffiliationTypeId"[0m[38;5;73m:[0m[38;5;73m123[0m[38;5;73m,[0m[38;5;251m [0m[38;5;140m"AssociationId"[0m[38;5;73m:[0m[38;5;73m123[0m[38;5;73m},[0m[38;5;251m [0m[38;5;167m...[0m[38;5;73m],[0m[38;5;251m [0m[38;5;140m"ConstituentTypeId"[0m[38;5;73m:[0m[38;5;73m123[0m[38;5;73m,[0m[38;5;251m [0m[38;5;140m"LastName"[0m[38;5;73m:[0m[38;5;113m"string"[0m[38;5;73m}[0m
  -h, --help                             help for Constituents
      --schedulepurge                    Schedule a constituent to be purged.  This only marks a constituent for purge, but does not actually purge the constituent.  If constituent has open transactions or an order for a future performance, a bad request will be returned indicating open transactions.  Pass IgnoreWarnings = true in request to bypass and schedule.
                                         Resource:
                                           /CRM/Constituents/Purge/Schedule
                                         Query:
                                           [38;5;73m{[0m[38;5;140m"ConstituentID"[0m[38;5;73m:[0m[38;5;113m"string"[0m[38;5;73m,[0m[38;5;251m [0m[38;5;140m"IgnoreWarnings"[0m[38;5;73m:[0m[38;5;167m[48;5;238mtrue[0m[38;5;73m}[0m
      --searchbycardnumber               Search for constituents by card number.
                                         Resource:
                                           /CRM/Constituents/Search/ByCardNumber
                                         Query:
                                           [38;5;73m{[0m[38;5;140m"CardNumber"[0m[38;5;73m:[0m[38;5;113m"string"[0m[38;5;73m}[0m
      --swapconstituenta1a2              Swaps A1/A2 names on a household account and regenerates its salutation.
                                         Resource:
                                           /CRM/Constituents/Snapshot/SwapA1A2
                                         Query:
                                           [38;5;73m{[0m[38;5;140m"ConstituentID"[0m[38;5;73m:[0m[38;5;113m"string"[0m[38;5;73m}[0m
      --unschedulepurge                  Unschedule a constituent that has been previously set to be purged.  If a purge has been completed, an error will be returned.
                                         Resource:
                                           /CRM/Constituents/Purge/Unschedule
                                         Query:
                                           [38;5;73m{[0m[38;5;140m"ConstituentID"[0m[38;5;73m:[0m[38;5;113m"string"[0m[38;5;73m}[0m

Global Flags:
  -c, --compact                 compact instead of indented output
  -n, --dryrun                  don't actually do anything, just show what would have happened
  -f, --file string             input file to read (default is to read from stdin)
      --headers stringToString  additional headers to include in outgoing requests in name=value,name=value format
      --highlight               render json with syntax highlighting; default is to use highlighting when output is to terminal
  -i, --in string               input format (csv or json; default is json); csv implies --inflat
      --inflat                  use input flattened by JSONPath dot notation. Combining this with --help will show the flattened format
  -l, --log string              log file to write to (default is no log)
      --no-highlight            render json without syntax highlighting; default is to use highlighting when output is to terminal
  -o, --out string              output format (csv or json; default is json); csv implies --outflat
      --outflat                 use output flattened by JSONPath dot notation
  -v, --verbose                 turns on additional diagnostic output

---
